exports[`Movie returns the initial state 1`] = `Object {}`;
